slurmstepd-huehnerbach: error: Unable to create TMPDIR [/tmp/user/30108]: Permission denied
slurmstepd-huehnerbach: error: Setting TMPDIR to /tmp
Found path: /home/j/jensenj/PycharmProjects/Federer-Jr./src/../crawler_single/linux/dynamic_server/crawler_dynamic.x86_64
Mono path[0] = '/home/j/jensenj/PycharmProjects/Federer-Jr./src/../crawler_single/linux/dynamic_server/crawler_dynamic_Data/Managed'
Mono config path = '/home/j/jensenj/PycharmProjects/Federer-Jr./src/../crawler_single/linux/dynamic_server/crawler_dynamic_Data/MonoBleedingEdge/etc'
Preloaded 'lib_burst_generated.so'
Preloaded 'libgrpc_csharp_ext.x64.so'
Initialize engine version: 2019.3.15f1 (59ff3e03856d)
[Subsystems] Discovering subsystems at path /home/j/jensenj/PycharmProjects/Federer-Jr./src/../crawler_single/linux/dynamic_server/crawler_dynamic_Data/UnitySubsystems
Forcing GfxDevice: Null
GfxDevice: creating device client; threaded=0
NullGfxDevice:
    Version:  NULL 1.0 [1.0]
    Renderer: Null Device
    Vendor:   Unity Technologies
Begin MonoManager ReloadAssembly
- Completed reload, in  0.331 seconds
WARNING: Shader Unsupported: 'Autodesk Interactive' - All passes removed
WARNING: Shader Did you use #pragma only_renderers and omit this platform?
UnloadTime: 4.912226 ms
Fallback handler could not load library /home/j/jensenj/PycharmProjects/Federer-Jr./src/../crawler_single/linux/dynamic_server/crawler_dynamic_Data/Mono/libcoreclr.so
Fallback handler could not load library /home/j/jensenj/PycharmProjects/Federer-Jr./src/../crawler_single/linux/dynamic_server/crawler_dynamic_Data/Mono/libcoreclr.so
Fallback handler could not load library /home/j/jensenj/PycharmProjects/Federer-Jr./src/../crawler_single/linux/dynamic_server/crawler_dynamic_Data/Mono/libcoreclr.so
Fallback handler could not load library /home/j/jensenj/PycharmProjects/Federer-Jr./src/../crawler_single/linux/dynamic_server/crawler_dynamic_Data/Mono/libSystem.dylib
Fallback handler could not load library /home/j/jensenj/PycharmProjects/Federer-Jr./src/../crawler_single/linux/dynamic_server/crawler_dynamic_Data/Mono/libSystem.dylib.so
Fallback handler could not load library /home/j/jensenj/PycharmProjects/Federer-Jr./src/../crawler_single/linux/dynamic_server/crawler_dynamic_Data/Mono/libSystem.dylib
Fallback handler could not load library /home/j/jensenj/PycharmProjects/Federer-Jr./src/../crawler_single/linux/dynamic_server/crawler_dynamic_Data/Mono/libcoreclr.so
Fallback handler could not load library /home/j/jensenj/PycharmProjects/Federer-Jr./src/../crawler_single/linux/dynamic_server/crawler_dynamic_Data/Mono/libcoreclr.so
Fallback handler could not load library /home/j/jensenj/PycharmProjects/Federer-Jr./src/../crawler_single/linux/dynamic_server/crawler_dynamic_Data/Mono/libcoreclr.so
Fallback handler could not load library /home/j/jensenj/PycharmProjects/Federer-Jr./src/../crawler_single/linux/dynamic_server/crawler_dynamic_Data/Mono/libSystem.dylib
Fallback handler could not load library /home/j/jensenj/PycharmProjects/Federer-Jr./src/../crawler_single/linux/dynamic_server/crawler_dynamic_Data/Mono/libSystem.dylib.so
Fallback handler could not load library /home/j/jensenj/PycharmProjects/Federer-Jr./src/../crawler_single/linux/dynamic_server/crawler_dynamic_Data/Mono/libSystem.dylib
/home/j/jensenj/.local/lib/python3.6/site-packages/tensorboard/compat/tensorflow_stub/dtypes.py:541: FutureWarning: Passing (type, 1) or '1type' as a synonym of type is deprecated; in a future version of numpy, it will be understood as (type, (1,)) / '(1,)type'.
  _np_qint8 = np.dtype([("qint8", np.int8, 1)])
/home/j/jensenj/.local/lib/python3.6/site-packages/tensorboard/compat/tensorflow_stub/dtypes.py:542: FutureWarning: Passing (type, 1) or '1type' as a synonym of type is deprecated; in a future version of numpy, it will be understood as (type, (1,)) / '(1,)type'.
  _np_quint8 = np.dtype([("quint8", np.uint8, 1)])
/home/j/jensenj/.local/lib/python3.6/site-packages/tensorboard/compat/tensorflow_stub/dtypes.py:543: FutureWarning: Passing (type, 1) or '1type' as a synonym of type is deprecated; in a future version of numpy, it will be understood as (type, (1,)) / '(1,)type'.
  _np_qint16 = np.dtype([("qint16", np.int16, 1)])
/home/j/jensenj/.local/lib/python3.6/site-packages/tensorboard/compat/tensorflow_stub/dtypes.py:544: FutureWarning: Passing (type, 1) or '1type' as a synonym of type is deprecated; in a future version of numpy, it will be understood as (type, (1,)) / '(1,)type'.
  _np_quint16 = np.dtype([("quint16", np.uint16, 1)])
/home/j/jensenj/.local/lib/python3.6/site-packages/tensorboard/compat/tensorflow_stub/dtypes.py:545: FutureWarning: Passing (type, 1) or '1type' as a synonym of type is deprecated; in a future version of numpy, it will be understood as (type, (1,)) / '(1,)type'.
  _np_qint32 = np.dtype([("qint32", np.int32, 1)])
/home/j/jensenj/.local/lib/python3.6/site-packages/tensorboard/compat/tensorflow_stub/dtypes.py:550: FutureWarning: Passing (type, 1) or '1type' as a synonym of type is deprecated; in a future version of numpy, it will be understood as (type, (1,)) / '(1,)type'.
  np_resource = np.dtype([("resource", np.ubyte, 1)])
2020-06-22 16:00:14 INFO [environment.py:108] Connected to Unity environment with package version 1.0.2 and communication version 1.0.0
2020-06-22 16:00:14 INFO [environment.py:265] Connected new brain:
CrawlerDynamic?team=0
2020-06-22 16:00:14 WARNING [__init__.py:92] The environment contains multiple observations. You must define allow_multiple_obs=True to receive them all. Otherwise, only the first visual observation (or vector observation ifthere are no visual observations) will be provided in the observation.
/home/j/jensenj/.local/lib/python3.6/site-packages/gym/logger.py:30: UserWarning: [33mWARN: Box bound precision lowered by casting to float32[0m
  warnings.warn(colorize('%s: %s'%('WARN', msg % args), 'yellow'))
/home/j/jensenj/PycharmProjects/Federer-Jr./src
True
0 : -1.1718319607898593
1 : -1.4297192092053592
2 : 2.7908735275268555
3 : -1.7842401303350925
4 : -2.1270083030685782
5 : -1.6576405093073845
6 : -1.4822341026738286
7 : -0.5471674792934209
8 : -1.5209944695234299
9 : -1.0968031249940395
10 : -0.9589790748432279
11 : -2.1028289822861552
12 : -1.3159155226312578
13 : -1.0820569365750998
14 : -2.2627214258536696
15 : 1.9144662041217089
16 : -1.5828082687221467
17 : -1.0432417168049142
18 : -0.9938639793545008
19 : -1.349860291229561
20 : -1.8823633715510368
21 : -1.154865904012695
22 : -1.878906998084858
23 : -1.2114435136318207
24 : -1.3747038394212723
25 : -1.150645015295595
26 : -1.740407262928784
27 : -5.439896943978965
28 : -1.2039126637391746
29 : -0.701674230163917
30 : -1.4886189177632332
31 : -1.0679554771631956
32 : -1.6895957086235285
33 : -0.9989469479769468
34 : -1.3716253843158484
35 : -0.600559894926846
36 : -0.9828454325906932
37 : -1.583216667175293
38 : 0.9045726638287306
39 : -0.868435618467629
40 : -0.9646577714011073
41 : -0.7799166813492775
42 : -0.7631203467026353
43 : -0.9551758505403996
44 : -0.40917203947901726
45 : -0.5604264577850699
46 : -0.6605398962274194
47 : -1.3055173102766275
48 : -1.0563349295407534
49 : -0.8857284840196371
50 : -1.4672358147799969
51 : -1.1431114673614502
52 : -1.0178338959813118
53 : -1.4357839524745941
54 : -2.1866176668554544
55 : -1.4222361091524363
56 : -1.0977549473755062
57 : -1.690878925845027
58 : -1.3077289410866797
59 : -0.7504762299358845
60 : 0.31483492348343134
61 : -3.225089070852846
62 : -1.620452655479312
63 : 0.4337072465568781
64 : -0.45961122727021575
65 : -4.235342293977737
66 : -1.8281951546669006
67 : -1.9359734784811735
68 : -1.7233701664954424
69 : -1.218938632402569
70 : -1.0822211978957057
71 : -1.4537523733451962
72 : -0.9675204958766699
73 : 0.6274975189007819
74 : -1.4359685620293021
75 : -1.0806004302576184
76 : -1.595530530437827
77 : -1.1857954517472535
78 : -1.4697294435463846
79 : -2.637549099046737
80 : -1.529460396617651
81 : -1.6796587780117989
82 : -0.8549487655982375
83 : -0.8673458495177329
84 : -1.3295686719939113
85 : -1.176162433810532
86 : -0.8827054919674993
87 : -0.8346477719023824
88 : -2.285611146595329
89 : -2.3212395794689655
90 : -1.5608725305646658
91 : -1.3504694080911577
92 : -0.42688547214493155
93 : -1.6807658597826958
94 : -1.2353117037564516
95 : -1.0329007180407643
96 : -0.9442615443840623
97 : -1.144908556714654
98 : -1.4541675299406052
99 : -0.9976691463962197
100 : -1.8569780234247446
101 : -0.7619702015072107
102 : -1.4295880552381277
103 : -1.389440732076764
104 : -1.4885277599096298
105 : -2.0354940593242645
106 : -0.15391787700355053
107 : -0.3851812118664384
108 : -1.4107264215126634
109 : -1.2076029677409679
110 : -0.7664334317669272
111 : -0.786287808790803
112 : -1.3402157686650753
113 : -0.8612283943220973
114 : 1.1396574655082077
115 : -1.604872442316264
116 : -1.9381363913416862
117 : -2.983654252253473
118 : -1.566363806836307
119 : -1.0414068321697414
120 : -2.7514491602778435
121 : -0.7803601417690516
122 : -1.0033988477662206
123 : -1.4898416753858328
124 : -5.273768000304699
125 : -4.163793932646513
126 : -2.643285546451807
127 : -1.4530318789184093
128 : -1.6800322011113167
129 : -1.4450069926679134
130 : -1.9309726397041231
131 : -0.9827157906256616
132 : -0.8848756719380617
133 : -1.8145046159625053
134 : -0.4061371460556984
135 : -1.5578099684789777
136 : -1.389613026753068
137 : -0.9443682227283716
138 : -1.2995539313415065
139 : -8.511241154978052
140 : -1.1202173712663352
141 : -0.7134824646636844
142 : -0.8589168544858694
143 : -1.8954990468919277
144 : -1.8775083720684052
145 : -0.34809396183118224
146 : -2.1121772825717926
147 : -2.382779734558426
148 : -1.7735512908548117
149 : -0.9231525366194546
150 : -1.2213173232739791
151 : -0.8623595479875803
152 : -1.3259709454141557
153 : -1.433531742542982
154 : -4.871002044528723
155 : -2.015435836277902
156 : -1.0098134391009808
157 : -1.0953090218827128
158 : -0.9141177646815777
159 : -1.497963936533779
160 : -0.6480379207059741
161 : 0.4347609505057335
162 : -3.123214140534401
163 : -1.0569834308698773
164 : -1.4769811942242086
165 : -0.8449708465486765
166 : -1.6361305806785822
167 : -1.2768126260489225
168 : -0.9527179128490388
169 : -0.5404497557319701
170 : -1.2376357950270176
171 : -0.6503623155876994
172 : -0.748756056651473
173 : -1.5140960267744958
174 : -0.9830105775035918
175 : -2.1398880630731583
176 : -1.107787599787116
177 : -1.2344270823523402
178 : -1.0213778279721737
179 : -0.4652860895730555
180 : -0.9487851535668597
181 : -3.7344387783668935
182 : -1.3944268454797566
183 : -3.1778077324852347
184 : -2.8441754854284227
185 : -1.058251604437828
186 : -1.0301691256463528
187 : -1.630121068097651
188 : -1.2085401464719325
189 : -1.4497761093080044
190 : -2.4332015551626682
191 : -2.2693501207977533
192 : -1.4737650747410953
193 : -1.0587523467838764
194 : -0.8462348636239767
195 : -1.6253171674907207
196 : -0.835394243709743
197 : -1.4087986499071121
198 : -0.9717961796559393
199 : -0.7817861381918192
200 : -1.5910863811150193
201 : -2.234350195620209
202 : -0.6461629467085004
203 : -1.2007264017593116
204 : -0.2996014282107353
205 : -3.042295385268517
206 : -1.96619908278808
207 : -1.009128250181675
208 : -1.0479498039931059
209 : -0.6325094029307365
210 : -1.8680255487561226
211 : -0.7036286648362875
212 : -1.1469376320019364
213 : -1.3448831676505506
214 : -14.601887816563249
215 : -1.8719724300317466
216 : 0.19190525822341442
217 : -0.7805557078681886
218 : -0.9188970369286835
219 : -2.0406584832817316
220 : -0.4843432679772377
221 : -4.1522665489465
222 : -2.3524574898183346
223 : -0.6190851591527462
224 : -1.7917557545006275
225 : -1.01044681109488
226 : -1.7903950149193406
227 : 4.802992878947407
228 : -1.5034213177859783
229 : -0.6581173641607165
230 : 1.506882605375722
231 : -0.5406998079270124
232 : 0.11884940043091774
233 : -1.5378947416320443
234 : -1.1677154023200274
235 : -1.4558782535605133
236 : -2.131881467998028
237 : -1.5957491733133793
238 : -2.396403916645795
239 : -1.166366987861693
240 : -1.2324706492945552
241 : -1.0244927909225225
242 : -1.304341142065823
243 : 0.48310151882469654
244 : -1.018714894540608
245 : -1.1726358104497194
246 : -4.6025221003219485
247 : -1.843651682138443
248 : -5.721271518617868
249 : -1.3869196567684412
250 : -1.6393723115324974
251 : -2.348410539329052
252 : -1.0426149843260646
253 : -1.2771467096172273
254 : -1.2157474681735039
255 : 0.20011932542547584
256 : -1.4246511347591877
257 : -1.4277503360062838
258 : -0.8780047055333853
259 : -0.8296109447255731
260 : -0.5259434916079044
261 : -1.784662313759327
262 : -1.3389600864611566
263 : -1.2149828835390508
264 : -1.1227280711755157
265 : -1.4130617044866085
266 : -1.2757912068627775
267 : -2.2489467337727547
268 : -1.413262375164777
269 : -0.7449229778721929
270 : -0.7873386507853866
271 : -1.423729993402958
272 : -1.4825302357785404
273 : -0.5397243741899729
274 : -0.7417727811262012
275 : -0.9638078287243843
276 : -1.3406689083203673
277 : -1.7468868354335427
278 : -1.4622408598661423
279 : -1.5668104169890285
280 : -1.8245135638862848
281 : -1.0210801810026169
282 : -0.842747331596911
283 : -1.3243093341588974
284 : -1.1362741580232978
285 : -9.683855963870883
286 : -2.6071730721741915
287 : -1.2511395807377994
288 : -1.280902842991054
289 : -2.442190338857472
290 : -1.7175978375598788
291 : -2.0604543313384056
292 : -1.9667281806468964
293 : -0.8491870453581214
294 : -1.6376379607245326
295 : -0.15603777254000306
296 : 0.3676371108740568
297 : -1.6698216777294874
298 : -1.468135816976428
299 : -0.9701434541493654
300 : -1.4350425973534584
301 : -1.7889975793659687
302 : -1.3258340526372194
303 : -0.9543115831911564
304 : -0.9336064930539578
305 : -1.6021479368209839
306 : -1.2430377155542374
307 : -1.3940497227013111
308 : -1.0918202861212194
309 : -1.5544615648686886
310 : -0.7978172046132386
311 : -1.6946825683116913
312 : -1.4025136828422546
313 : -0.8995014396496117
314 : -1.497250609099865
Setting up 2 worker threads for Enlighten.
  Thread -> id: 7f81e0d9a700 -> priority: 1 
  Thread -> id: 7f815ffff700 -> priority: 1 
Traceback (most recent call last):
  File "main.py", line 107, in <module>
    returns = [episode(env, agent, i) for i in range(training_episodes)]
  File "main.py", line 107, in <listcomp>
    returns = [episode(env, agent, i) for i in range(training_episodes)]
  File "main.py", line 27, in episode
    next_state, reward, done, _ = env.step(action.numpy()[0])
  File "/home/j/jensenj/.local/lib/python3.6/site-packages/gym_unity/envs/__init__.py", line 177, in step
    self._env.step()
  File "/home/j/jensenj/.local/lib/python3.6/site-packages/mlagents_envs/timers.py", line 305, in wrapped
    return func(*args, **kwargs)
  File "/home/j/jensenj/.local/lib/python3.6/site-packages/mlagents_envs/environment.py", line 319, in step
    self._update_state(rl_output)
  File "/home/j/jensenj/.local/lib/python3.6/site-packages/mlagents_envs/environment.py", line 275, in _update_state
    agent_info_list, self._env_specs[brain_name]
  File "/home/j/jensenj/.local/lib/python3.6/site-packages/mlagents_envs/timers.py", line 305, in wrapped
    return func(*args, **kwargs)
  File "/home/j/jensenj/.local/lib/python3.6/site-packages/mlagents_envs/rpc_utils.py", line 188, in steps_from_proto
    obs_index, obs_shape, decision_agent_info_list
  File "/home/j/jensenj/.local/lib/python3.6/site-packages/mlagents_envs/timers.py", line 305, in wrapped
    return func(*args, **kwargs)
  File "/home/j/jensenj/.local/lib/python3.6/site-packages/mlagents_envs/rpc_utils.py", line 152, in _process_vector_observation
    _raise_on_nan_and_inf(np_obs, "observations")
  File "/home/j/jensenj/.local/lib/python3.6/site-packages/mlagents_envs/rpc_utils.py", line 132, in _raise_on_nan_and_inf
    raise RuntimeError(f"The {source} provided had Infinite values.")
RuntimeError: The observations provided had Infinite values.
2020-06-22 16:04:55 INFO [environment.py:418] Environment shut down with return code 0.
